Setting up SHiP setup version 25.11-3-g3592ec0 from /cvmfs/ship.cern.ch/26.04.
FairShip 26.04 set up
config sourced
Using FAIRSHIP=/cvmfs/ship.cern.ch/26.04/sw//slc9_x86-64/FairShip/master-18
/cvmfs/ship.cern.ch/26.04/sw//slc9_x86-64/GenFit/02-03-00-12/lib
/cvmfs/ship.cern.ch/26.04/sw//slc9_x86-64/GenFit/02-03-00-12/lib
[INFO] Media file used: /cvmfs/ship.cern.ch/26.04/sw/slc9_x86-64/FairShip/master-18/geometry/media.geo
Creating field map called MainSpecMap using /cvmfs/ship.cern.ch/26.04/sw//slc9_x86-64/FairShip/master-18/files/MainSpectrometerField.root
[INFO] ShipBFieldMap::readMapFile() creating field MainSpecMap using file /cvmfs/ship.cern.ch/26.04/sw//slc9_x86-64/FairShip/master-18/files/MainSpectrometerField.root
[INFO] x limits: -470, 470, dx = 10
[INFO] y limits: -405, 405, dy = 10
[INFO] z limits: -990, 990, dz = 10
[INFO] Offsets: x = 0, y = 0, z = 8957
[INFO] Angles : phi = 0, theta = 0, psi = 0
[INFO] Total number of bins = 1550210; Nx = 95, Ny = 82, Nz = 199
Creating symmetric field map called muonShieldField using /cvmfs/ship.cern.ch/26.04/sw//slc9_x86-64/FairShip/master-18/files/TRY_2025.root
[INFO] ShipBFieldMap::readMapFile() creating field muonShieldField using file /cvmfs/ship.cern.ch/26.04/sw//slc9_x86-64/FairShip/master-18/files/TRY_2025.root
[INFO] x limits: 0, 209.961, dx = 1.99963
[INFO] y limits: 0, 200, dy = 2
[INFO] z limits: -50, 3100, dz = 5
[INFO] Offsets: x = 0, y = 0, z = 204
[INFO] Angles : phi = 0, theta = 0, psi = 0
[INFO] Total number of bins = 6755486; Nx = 106, Ny = 101, Nz = 631
Adding field MainSpecMap
Adding field muonShieldField
Setting the Global field
Adding field TotalField to Global
The virtual MC pointer gMC is null! The global field can't be used by Geant4 but will work for track fitting and track extrapolation
configured to process  999999  events from  /eos/experiment/ship/user/gfrisell/Simulation_Results/TRY_2025_EM/0_400000_10800001/sim_5fe8ccbf-e734-41de-931c-8caad67acd7a.root  starting with event  0  with option Yheight =  None  with vertexing True  and pattern reco  AR
Calling addVMCFields
event  0
event  1000
event  2000
event  3000
event  4000
event  5000
event  6000
event  7000
event  8000
event  9000
event  10000
event  11000
event  12000
event  13000
event  14000
event  15000
event  16000
event  17000
event  18000
event  19000
event  20000
event  21000
event  22000
event  23000
event  24000
event  25000
event  26000
event  27000
event  28000
event  29000
event  30000
event  31000
event  32000
event  33000
event  34000
event  35000
event  36000
event  37000
event  38000
event  39000
event  40000
event  41000
event  42000
event  43000
event  44000
event  45000
event  46000
event  47000
event  48000
event  49000
event  50000
event  51000
event  52000
event  53000
event  54000
event  55000
event  56000
event  57000
event  58000
event  59000
event  60000
event  61000
event  62000
finished writing tree
Exit normally
SUCCESS: /eos/user/j/jaweiss/MuonBack/reco_0_400000_10800001_5fe8ccbf-e734-41de-931c-8caad67acd7a.root
